[component_container_isolated-6] [INFO] [1741165876.144501851] [robot3.controller_server]: Passing new path to controller.
[component_container_isolated-2] [INFO] [1741165876.723300985] [robot1.controller_server]: Passing new path to controller.
[component_container_isolated-6] [INFO] [1741165877.197804736] [robot3.controller_server]: Passing new path to controller.
[component_container_isolated-2] [INFO] [1741165877.773307401] [robot1.controller_server]: Passing new path to controller.
[component_container_isolated-6] [INFO] [1741165878.194502458] [robot3.controller_server]: Passing new path to controller.
[component_container_isolated-4] [INFO] [1741165878.770059441] [robot2.global_costmap.global_costmap]: StaticLayer: Resizing costmap to 333 X 566 at 0.050000 m/pix
[component_container_isolated-2] [INFO] [1741165878.773296617] [robot1.controller_server]: Passing new path to controller.
[component_container_isolated-2] [INFO] [1741165878.994981203] [robot1.global_costmap.global_costmap]: StaticLayer: Resizing costmap to 333 X 566 at 0.050000 m/pix
[component_container_isolated-6] [INFO] [1741165879.244507141] [robot3.controller_server]: Passing new path to controller.
[component_container_isolated-4] [WARN] [1741165879.593386495] [robot2.behavior_server]: Exceeded time allowance before reaching the DriveOnHeading goal - Exiting DriveOnHeading
[component_container_isolated-4] [WARN] [1741165879.593420227] [robot2.behavior_server]: backup failed
[component_container_isolated-4] [WARN] [1741165879.593428546] [robot2.behavior_server]: [backup] [ActionServer] Aborting handle.
[component_container_isolated-4] [INFO] [1741165879.612276653] [robot2.local_costmap.local_costmap]: Received request to clear entirely the local_costmap
[component_container_isolated-4] [INFO] [1741165879.612475026] [robot2.global_costmap.global_costmap]: Received request to clear entirely the global_costmap
[component_container_isolated-4] [INFO] [1741165879.802492066] [robot2.controller_server]: Received a goal, begin computing control effort.
[component_container_isolated-2] [INFO] [1741165879.824070492] [robot1.controller_server]: Passing new path to controller.
[component_container_isolated-6] [INFO] [1741165880.244505220] [robot3.controller_server]: Passing new path to controller.
[component_container_isolated-4] [INFO] [1741165880.852738197] [robot2.controller_server]: Passing new path to controller.
[component_container_isolated-2] [INFO] [1741165880.873300727] [robot1.controller_server]: Passing new path to controller.
[component_container_isolated-6] [INFO] [1741165881.294505895] [robot3.controller_server]: Passing new path to controller.
[component_container_isolated-2] [INFO] [1741165881.873325757] [robot1.controller_server]: Passing new path to controller.
[component_container_isolated-4] [INFO] [1741165881.902738785] [robot2.controller_server]: Passing new path to controller.
[component_container_isolated-6] [INFO] [1741165882.294507504] [robot3.controller_server]: Passing new path to controller.
[component_container_isolated-4] [INFO] [1741165882.902736498] [robot2.controller_server]: Passing new path to controller.
[component_container_isolated-2] [INFO] [1741165882.923294258] [robot1.controller_server]: Passing new path to controller.
[component_container_isolated-6] [INFO] [1741165883.344500456] [robot3.controller_server]: Passing new path to controller.
[rviz2-3] [INFO] [1741165883.759353128] [rviz2]: Trying to create a map of size 538 x 566 using 1 swatches
[component_container_isolated-4] [INFO] [1741165883.770040900] [robot2.global_costmap.global_costmap]: StaticLayer: Resizing costmap to 538 X 566 at 0.050000 m/pix
[rviz2-1] [INFO] [1741165883.835050978] [rviz2]: Trying to create a map of size 538 x 566 using 1 swatches
[rviz2-5] [INFO] [1741165883.853785101] [rviz2]: Trying to create a map of size 541 x 562 using 1 swatches
[component_container_isolated-2] [INFO] [1741165883.923357208] [robot1.controller_server]: Passing new path to controller.
[component_container_isolated-4] [INFO] [1741165883.952745089] [robot2.controller_server]: Passing new path to controller.
[component_container_isolated-2] [INFO] [1741165883.994989974] [robot1.global_costmap.global_costmap]: StaticLayer: Resizing costmap to 538 X 566 at 0.050000 m/pix
[component_container_isolated-6] [INFO] [1741165884.012813221] [robot3.global_costmap.global_costmap]: StaticLayer: Resizing costmap to 541 X 562 at 0.050000 m/pix
[component_container_isolated-6] [INFO] [1741165884.394500971] [robot3.controller_server]: Passing new path to controller.
[rviz2-1] [INFO] [1741165884.419148435] [rviz2]: Trying to create a map of size 538 x 566 using 1 swatches
[rviz2-5] [INFO] [1741165884.627179405] [rviz2]: Trying to create a map of size 541 x 562 using 1 swatches
[rviz2-3] [INFO] [1741165884.782475606] [rviz2]: Trying to create a map of size 538 x 566 using 1 swatches
[component_container_isolated-4] [INFO] [1741165884.952736768] [robot2.controller_server]: Passing new path to controller.
[component_container_isolated-2] [INFO] [1741165884.973305140] [robot1.controller_server]: Passing new path to controller.
[component_container_isolated-6] [INFO] [1741165885.394511671] [robot3.controller_server]: Passing new path to controller.
[component_container_isolated-2] [INFO] [1741165885.973434809] [robot1.controller_server]: Passing new path to controller.
[component_container_isolated-4] [INFO] [1741165886.002740066] [robot2.controller_server]: Passing new path to controller.
[component_container_isolated-2] [INFO] [1741165886.321923876] [robot1.global_costmap.global_costmap]: Message Filter dropping message: frame 'base_scan' at time 306.100 for reason 'the timestamp on the message is earlier than all the data in the transform cache'
[component_container_isolated-6] [INFO] [1741165886.444503133] [robot3.controller_server]: Passing new path to controller.
[component_container_isolated-4] [INFO] [1741165887.002742600] [robot2.controller_server]: Passing new path to controller.
[component_container_isolated-2] [INFO] [1741165887.023328891] [robot1.controller_server]: Passing new path to controller.
[component_container_isolated-6] [INFO] [1741165887.444660560] [robot3.controller_server]: Passing new path to controller.
[component_container_isolated-4] [INFO] [1741165888.052786639] [robot2.controller_server]: Passing new path to controller.
[component_container_isolated-2] [INFO] [1741165888.073295072] [robot1.controller_server]: Passing new path to controller.
[component_container_isolated-6] [INFO] [1741165888.495551804] [robot3.controller_server]: Passing new path to controller.
[rviz2-3] [INFO] [1741165888.755139284] [rviz2]: Trying to create a map of size 540 x 566 using 1 swatches
[component_container_isolated-4] [INFO] [1741165888.770053376] [robot2.global_costmap.global_costmap]: StaticLayer: Resizing costmap to 540 X 566 at 0.050000 m/pix
[rviz2-1] [INFO] [1741165888.830966332] [rviz2]: Trying to create a map of size 540 x 566 using 1 swatches
[rviz2-5] [INFO] [1741165888.854278162] [rviz2]: Trying to create a map of size 542 x 562 using 1 swatches
[component_container_isolated-2] [INFO] [1741165888.995021475] [robot1.global_costmap.global_costmap]: StaticLayer: Resizing costmap to 540 X 566 at 0.050000 m/pix
[rviz2-3] [INFO] [1741165889.005670766] [rviz2]: Trying to create a map of size 540 x 566 using 1 swatches
[component_container_isolated-6] [INFO] [1741165889.012826389] [robot3.global_costmap.global_costmap]: StaticLayer: Resizing costmap to 542 X 562 at 0.050000 m/pix
[component_container_isolated-2] [INFO] [1741165889.073300970] [robot1.controller_server]: Passing new path to controller.
[component_container_isolated-4] [INFO] [1741165889.102748515] [robot2.controller_server]: Passing new path to controller.
[rviz2-1] [INFO] [1741165889.406969228] [rviz2]: Trying to create a map of size 540 x 566 using 1 swatches
[component_container_isolated-6] [INFO] [1741165889.544516005] [robot3.controller_server]: Passing new path to controller.
[rviz2-5] [INFO] [1741165889.650172765] [rviz2]: Trying to create a map of size 542 x 562 using 1 swatches
[component_container_isolated-4] [INFO] [1741165890.102741684] [robot2.controller_server]: Passing new path to controller.
[component_container_isolated-2] [INFO] [1741165890.125416491] [robot1.controller_server]: Passing new path to controller.
[component_container_isolated-6] [INFO] [1741165890.544502648] [robot3.controller_server]: Passing new path to controller.
[component_container_isolated-2] [INFO] [1741165891.123298811] [robot1.controller_server]: Passing new path to controller.
[component_container_isolated-4] [INFO] [1741165891.152738590] [robot2.controller_server]: Passing new path to controller.
[component_container_isolated-6] [INFO] [1741165891.594518382] [robot3.controller_server]: Passing new path to controller.
[component_container_isolated-4] [INFO] [1741165892.152737786] [robot2.controller_server]: Passing new path to controller.
[component_container_isolated-2] [INFO] [1741165892.173299571] [robot1.controller_server]: Passing new path to controller.
[component_container_isolated-6] [INFO] [1741165892.594502574] [robot3.controller_server]: Passing new path to controller.
[component_container_isolated-4] [INFO] [1741165893.202737264] [robot2.controller_server]: Passing new path to controller.
[component_container_isolated-2] [INFO] [1741165893.223327604] [robot1.controller_server]: Passing new path to controller.
[component_container_isolated-6] [INFO] [1741165893.644503648] [robot3.controller_server]: Passing new path to controller.
[rviz2-3] [INFO] [1741165893.741832492] [rviz2]: Trying to create a map of size 540 x 571 using 1 swatches
[component_container_isolated-4] [INFO] [1741165893.770054602] [robot2.global_costmap.global_costmap]: StaticLayer: Resizing costmap to 540 X 571 at 0.050000 m/pix
[rviz2-1] [INFO] [1741165893.823573147] [rviz2]: Trying to create a map of size 540 x 571 using 1 swatches
[rviz2-5] [INFO] [1741165893.842208785] [rviz2]: Trying to create a map of size 542 x 567 using 1 swatches
[component_container_isolated-2] [INFO] [1741165893.995051841] [robot1.global_costmap.global_costmap]: StaticLayer: Resizing costmap to 540 X 571 at 0.050000 m/pix
[component_container_isolated-6] [INFO] [1741165894.012822112] [robot3.global_costmap.global_costmap]: StaticLayer: Resizing costmap to 542 X 567 at 0.050000 m/pix
[component_container_isolated-2] [INFO] [1741165894.223299852] [robot1.controller_server]: Passing new path to controller.
[component_container_isolated-4] [INFO] [1741165894.252937500] [robot2.controller_server]: Passing new path to controller.
[rviz2-3] [INFO] [1741165894.381392810] [rviz2]: Trying to create a map of size 540 x 571 using 1 swatches
[rviz2-1] [INFO] [1741165894.426442891] [rviz2]: Trying to create a map of size 540 x 571 using 1 swatches
[component_container_isolated-6] [INFO] [1741165894.694503810] [robot3.controller_server]: Passing new path to controller.
[rviz2-5] [INFO] [1741165895.053411192] [rviz2]: Trying to create a map of size 542 x 567 using 1 swatches
[component_container_isolated-4] [INFO] [1741165895.252737673] [robot2.controller_server]: Passing new path to controller.
[component_container_isolated-2] [INFO] [1741165895.273297728] [robot1.controller_server]: Passing new path to controller.
[component_container_isolated-6] [INFO] [1741165895.694503809] [robot3.controller_server]: Passing new path to controller.
[component_container_isolated-2] [INFO] [1741165896.274799132] [robot1.controller_server]: Passing new path to controller.
[component_container_isolated-4] [INFO] [1741165896.302749874] [robot2.controller_server]: Passing new path to controller.
[component_container_isolated-6] [INFO] [1741165896.744504264] [robot3.controller_server]: Passing new path to controller.
[component_container_isolated-4] [INFO] [1741165897.302759075] [robot2.controller_server]: Passing new path to controller.
[component_container_isolated-2] [INFO] [1741165897.323298867] [robot1.controller_server]: Passing new path to controller.
[component_container_isolated-6] [INFO] [1741165897.744528201] [robot3.controller_server]: Passing new path to controller.
[component_container_isolated-2] [INFO] [1741165898.323301694] [robot1.controller_server]: Passing new path to controller.
[component_container_isolated-4] [INFO] [1741165898.352738173] [robot2.controller_server]: Passing new path to controller.
[rviz2-3] [INFO] [1741165898.765189176] [rviz2]: Trying to create a map of size 573 x 606 using 1 swatches
[component_container_isolated-4] [INFO] [1741165898.770046552] [robot2.global_costmap.global_costmap]: StaticLayer: Resizing costmap to 573 X 606 at 0.050000 m/pix
[component_container_isolated-6] [INFO] [1741165898.794501520] [robot3.controller_server]: Passing new path to controller.
[rviz2-1] [INFO] [1741165898.847344538] [rviz2]: Trying to create a map of size 573 x 606 using 1 swatches
[rviz2-5] [INFO] [1741165898.863006739] [rviz2]: Trying to create a map of size 574 x 603 using 1 swatches
[component_container_isolated-2] [INFO] [1741165898.994978974] [robot1.global_costmap.global_costmap]: StaticLayer: Resizing costmap to 573 X 606 at 0.050000 m/pix
[component_container_isolated-6] [INFO] [1741165899.012839038] [robot3.global_costmap.global_costmap]: StaticLayer: Resizing costmap to 574 X 603 at 0.050000 m/pix
[rviz2-5] [INFO] [1741165899.244097287] [rviz2]: Trying to create a map of size 574 x 603 using 1 swatches
[component_container_isolated-2] [INFO] [1741165899.378298646] [robot1.controller_server]: Passing new path to controller.
[component_container_isolated-4] [INFO] [1741165899.402738548] [robot2.controller_server]: Passing new path to controller.
[rviz2-3] [INFO] [1741165899.596967911] [rviz2]: Trying to create a map of size 573 x 606 using 1 swatches
[rviz2-1] [INFO] [1741165899.609926001] [rviz2]: Trying to create a map of size 573 x 606 using 1 swatches
[component_container_isolated-6] [INFO] [1741165899.794500296] [robot3.controller_server]: Passing new path to controller.
[component_container_isolated-4] [INFO] [1741165900.402739665] [robot2.controller_server]: Passing new path to controller.
[component_container_isolated-2] [INFO] [1741165900.423300159] [robot1.controller_server]: Passing new path to controller.
[component_container_isolated-6] [INFO] [1741165900.844503766] [robot3.controller_server]: Passing new path to controller.
[component_container_isolated-2] [INFO] [1741165901.423320048] [robot1.controller_server]: Passing new path to controller.
[component_container_isolated-4] [INFO] [1741165901.452746167] [robot2.controller_server]: Passing new path to controller.
[component_container_isolated-6] [INFO] [1741165901.844505298] [robot3.controller_server]: Passing new path to controller.
[component_container_isolated-4] [INFO] [1741165902.452770066] [robot2.controller_server]: Passing new path to controller.
[component_container_isolated-2] [INFO] [1741165902.473295061] [robot1.controller_server]: Passing new path to controller.
[component_container_isolated-6] [INFO] [1741165902.895116707] [robot3.controller_server]: Passing new path to controller.
[component_container_isolated-4] [INFO] [1741165903.455615232] [robot2.controller_server]: Reached the goal!
[component_container_isolated-4] [INFO] [1741165903.462506864] [robot2.controller_server]: Received a goal, begin computing control effort.
[component_container_isolated-4] [INFO] [1741165903.465166989] [robot2.controller_server]: Reached the goal!
[component_container_isolated-2] [INFO] [1741165903.473298557] [robot1.controller_server]: Passing new path to controller.
[component_container_isolated-4] [INFO] [1741165903.502249491] [robot2.bt_navigator]: Goal succeeded
[rviz2-3] [INFO] [1741165903.756844339] [rviz2]: Trying to create a map of size 591 x 608 using 1 swatches
[component_container_isolated-4] [INFO] [1741165903.770046179] [robot2.global_costmap.global_costmap]: StaticLayer: Resizing costmap to 591 X 608 at 0.050000 m/pix
[rviz2-3] [INFO] [1741165903.789812444] [rviz2]: Trying to create a map of size 591 x 608 using 1 swatches
[rviz2-1] [INFO] [1741165903.834184129] [rviz2]: Trying to create a map of size 591 x 608 using 1 swatches
[rviz2-5] [INFO] [1741165903.857946722] [rviz2]: Trying to create a map of size 591 x 605 using 1 swatches
[component_container_isolated-6] [INFO] [1741165903.944505249] [robot3.controller_server]: Passing new path to controller.
[component_container_isolated-2] [INFO] [1741165903.995097473] [robot1.global_costmap.global_costmap]: StaticLayer: Resizing costmap to 591 X 608 at 0.050000 m/pix
[component_container_isolated-6] [INFO] [1741165904.012838256] [robot3.global_costmap.global_costmap]: StaticLayer: Resizing costmap to 591 X 605 at 0.050000 m/pix
[component_container_isolated-2] [INFO] [1741165904.523312343] [robot1.controller_server]: Passing new path to controller.
[rviz2-5] [INFO] [1741165904.618842431] [rviz2]: Trying to create a map of size 591 x 605 using 1 swatches
[rviz2-1] [INFO] [1741165904.826619556] [rviz2]: Trying to create a map of size 591 x 608 using 1 swatches
[component_container_isolated-6] [INFO] [1741165904.944553102] [robot3.controller_server]: Passing new path to controller.
[component_container_isolated-2] [INFO] [1741165905.523313934] [robot1.controller_server]: Passing new path to controller.
[component_container_isolated-6] [INFO] [1741165905.994513216] [robot3.controller_server]: Passing new path to controller.
[component_container_isolated-2] [INFO] [1741165906.573306308] [robot1.controller_server]: Passing new path to controller.
[component_container_isolated-6] [INFO] [1741165906.994507266] [robot3.controller_server]: Passing new path to controller.
[component_container_isolated-2] [INFO] [1741165907.623316906] [robot1.controller_server]: Passing new path to controller.
[component_container_isolated-6] [INFO] [1741165908.044498853] [robot3.controller_server]: Passing new path to controller.
[component_container_isolated-2] [INFO] [1741165908.623292877] [robot1.controller_server]: Passing new path to controller.
[component_container_isolated-4] [INFO] [1741165908.770042954] [robot2.global_costmap.global_costmap]: StaticLayer: Resizing costmap to 591 X 608 at 0.050000 m/pix
[rviz2-5] [INFO] [1741165908.842634766] [rviz2]: Trying to create a map of size 592 x 606 using 1 swatches
[component_container_isolated-2] [INFO] [1741165908.995186630] [robot1.global_costmap.global_costmap]: StaticLayer: Resizing costmap to 591 X 608 at 0.050000 m/pix
[component_container_isolated-6] [INFO] [1741165909.012802732] [robot3.global_costmap.global_costmap]: StaticLayer: Resizing costmap to 592 X 606 at 0.050000 m/pix
[component_container_isolated-6] [INFO] [1741165909.094501532] [robot3.controller_server]: Passing new path to controller.
[rviz2-5] [INFO] [1741165909.648658861] [rviz2]: Trying to create a map of size 592 x 606 using 1 swatches
[component_container_isolated-2] [INFO] [1741165909.673297429] [robot1.controller_server]: Passing new path to controller.
[component_container_isolated-6] [INFO] [1741165910.094502570] [robot3.controller_server]: Passing new path to controller.
[component_container_isolated-2] [INFO] [1741165910.673328171] [robot1.controller_server]: Passing new path to controller.
[component_container_isolated-6] [INFO] [1741165911.144502269] [robot3.controller_server]: Passing new path to controller.
[component_container_isolated-2] [INFO] [1741165911.723298153] [robot1.controller_server]: Passing new path to controller.
[component_container_isolated-6] [INFO] [1741165912.144503902] [robot3.controller_server]: Passing new path to controller.
[component_container_isolated-2] [INFO] [1741165912.723329166] [robot1.controller_server]: Passing new path to controller.
[component_container_isolated-6] [INFO] [1741165913.194530156] [robot3.controller_server]: Passing new path to controller.
[component_container_isolated-4] [INFO] [1741165913.770120689] [robot2.global_costmap.global_costmap]: StaticLayer: Resizing costmap to 591 X 608 at 0.050000 m/pix
[component_container_isolated-2] [INFO] [1741165913.773315174] [robot1.controller_server]: Passing new path to controller.
[component_container_isolated-2] [INFO] [1741165913.995021375] [robot1.global_costmap.global_costmap]: StaticLayer: Resizing costmap to 591 X 608 at 0.050000 m/pix
[component_container_isolated-6] [INFO] [1741165914.012842963] [robot3.global_costmap.global_costmap]: StaticLayer: Resizing costmap to 592 X 606 at 0.050000 m/pix
[component_container_isolated-6] [INFO] [1741165914.244512551] [robot3.controller_server]: Passing new path to controller.
[component_container_isolated-2] [INFO] [1741165914.773364992] [robot1.controller_server]: Passing new path to controller.
[component_container_isolated-6] [INFO] [1741165915.244710426] [robot3.controller_server]: Passing new path to controller.
[component_container_isolated-2] [INFO] [1741165915.823346395] [robot1.controller_server]: Passing new path to controller.
[component_container_isolated-6] [INFO] [1741165916.294507058] [robot3.controller_server]: Passing new path to controller.
[component_container_isolated-2] [INFO] [1741165916.873297752] [robot1.controller_server]: Passing new path to controller.
[component_container_isolated-6] [INFO] [1741165917.294499718] [robot3.controller_server]: Passing new path to controller.
[component_container_isolated-2] [INFO] [1741165917.873294167] [robot1.controller_server]: Passing new path to controller.
[component_container_isolated-6] [INFO] [1741165918.344504647] [robot3.controller_server]: Passing new path to controller.
[rviz2-3] [INFO] [1741165918.765847545] [rviz2]: Trying to create a map of size 592 x 608 using 1 swatches
[component_container_isolated-4] [INFO] [1741165918.770052080] [robot2.global_costmap.global_costmap]: StaticLayer: Resizing costmap to 592 X 608 at 0.050000 m/pix
[rviz2-1] [INFO] [1741165918.842577268] [rviz2]: Trying to create a map of size 592 x 608 using 1 swatches
[rviz2-5] [INFO] [1741165918.858076513] [rviz2]: Trying to create a map of size 593 x 606 using 1 swatches
[component_container_isolated-2] [INFO] [1741165918.923312492] [robot1.controller_server]: Passing new path to controller.
[component_container_isolated-2] [INFO] [1741165918.995007359] [robot1.global_costmap.global_costmap]: StaticLayer: Resizing costmap to 592 X 608 at 0.050000 m/pix
[component_container_isolated-6] [INFO] [1741165919.012836098] [robot3.global_costmap.global_costmap]: StaticLayer: Resizing costmap to 593 X 606 at 0.050000 m/pix
[rviz2-5] [INFO] [1741165919.243886412] [rviz2]: Trying to create a map of size 593 x 606 using 1 swatches
[component_container_isolated-6] [INFO] [1741165919.344505949] [robot3.controller_server]: Passing new path to controller.
[rviz2-1] [INFO] [1741165919.608797797] [rviz2]: Trying to create a map of size 592 x 608 using 1 swatches
[rviz2-3] [INFO] [1741165919.789272412] [rviz2]: Trying to create a map of size 592 x 608 using 1 swatches
[component_container_isolated-2] [INFO] [1741165919.923300946] [robot1.controller_server]: Passing new path to controller.
[component_container_isolated-2] [INFO] [1741165920.378604947] [robot1.controller_server]: Reached the goal!
[component_container_isolated-6] [INFO] [1741165920.394507651] [robot3.controller_server]: Passing new path to controller.
[component_container_isolated-2] [INFO] [1741165920.413027036] [robot1.bt_navigator]: Goal succeeded
[component_container_isolated-6] [INFO] [1741165921.444504193] [robot3.controller_server]: Passing new path to controller.
[component_container_isolated-6] [INFO] [1741165922.444504222] [robot3.controller_server]: Passing new path to controller.
[component_container_isolated-6] [INFO] [1741165923.494504052] [robot3.controller_server]: Passing new path to controller.
[component_container_isolated-6] [INFO] [1741165924.494462821] [robot3.controller_server]: Passing new path to controller.
[component_container_isolated-6] [INFO] [1741165925.544530039] [robot3.controller_server]: Passing new path to controller.
[component_container_isolated-6] [INFO] [1741165926.544504987] [robot3.controller_server]: Passing new path to controller.
